=== 开始每日更新 2026-09-08 15:00 ===
--- 全流程(含AI深度分析+质量门禁+部署) ---
========================================
  热点雷达 每日全流程  2026/9/8 15:00:01
  deploy=true  check=false
========================================

━━━ [1.抓取/过滤/评分] ━━━

=== 热点雷达数据抓取 ===
CST 时间: 2026-09-08 15:00
JustOneAPI token: 未配置（小红书将走 vvhan 兜底）

[全网热点] 抓取中...
  ↳ 尝试 zhiwei-event-rank: https://ef.zhiweidata.com/index/indexUp.do
    成功，10 条数据

[微博] 抓取中...
  ↳ 尝试 weibo-official: https://weibo.com/ajax/side/hotSearch
    成功，51 条数据

[抖音] 抓取中...
  ↳ 尝试 douyin-official: https://www.iesdouyin.com/web/api/v2/hotsearch/billboard/word/
    成功，50 条数据

[小红书] 抓取中...
  ↳ 尝试 uapi-xiaohongshu: https://uapis.cn/api/v1/misc/hotboard?…
    成功，20 条数据

--- 写入原始快照 ---
  ✓ 写入 /root/.joyclaw/workspace/hotspot-radar-updated/data/raw/2026-09-08/webwide-1500.json
  ✓ 写入 /root/.joyclaw/workspace/hotspot-radar-updated/data/raw/2026-09-08/weibo-1500.json
  ✓ 写入 /root/.joyclaw/workspace/hotspot-radar-updated/data/raw/2026-09-08/douyin-1500.json
  ✓ 写入 /root/.joyclaw/workspace/hotspot-radar-updated/data/raw/2026-09-08/xhs-1500.json

--- 写入 latest.json ---
  ✓ 写入 /root/.joyclaw/workspace/hotspot-radar-updated/public/data/latest.json
  ✓ 写入 /root/.joyclaw/workspace/hotspot-radar-updated/public/data/meta.json

=== 完成 (4/4 平台成功) ===

规则初筛完成：78 个候选，2 个待语义复核（四类硬性排除）
热度分级完成：S=0 A=0 B=4 观察=74


━━━ [2.AI深度分析] ━━━
[ai] 已生成 4 条 AI 深度分析 → /root/.joyclaw/workspace/hotspot-radar-updated/public/data/ai-analysis.json
[ai] 自检通过：全部字段为 AI 深度内容（非爬虫原文/占位/雷同）


━━━ [3.修补radar(注入AI字段)] ━━━
✅ 已用 AI 深度分析修补 radar.json: 4 条注入, 0 条缺失


━━━ [4.合成业务建议+玩梗模板] ━━━
[gen] 从 radar.json 读取热点数: 4
[gen] AI 分析匹配: 4/4
[gen] top6 上限生效： 4 → 4
[gen] 玩梗热点: 0 条
[gen] 业务建议: 4 条
[gen] ✅ 已注入 businessForDash 到 dashboard.html
[gen] 完成：事件数 4 meme 0 业务建议 4
[gen] 输出： /root/.joyclaw/workspace/hotspot-radar-updated/public/data

[门禁] 4 条热点 × 3 字段 + business 非空，热度榜 4 条有效。

━━━ [5.注入dashboard] ━━━
✅ dashboard.html 已注入 2026-09-08 数据 (radar=4 hotspots, advice=4)


━━━ [6.模板校验] ━━━

> hotspot-radar@1.0.0 validate
> node scripts/validate-template.mjs

Hotspot radar template validation passed.


━━ 部署到 Netlify v2 (hotspot-radar-kaikai-v2) ━━
❌ 缺少 NETLIFY_AUTH_TOKEN
❌ 全流程失败，未部署
=== 开始每日更新 2026-09-09 15:00 ===
--- 全流程(含AI深度分析+质量门禁+部署) ---
========================================
  热点雷达 每日全流程  2026/9/9 15:00:02
  deploy=true  check=false
========================================

━━━ [1.抓取/过滤/评分] ━━━

=== 热点雷达数据抓取 ===
CST 时间: 2026-09-09 15:00
JustOneAPI token: 未配置（小红书将走 vvhan 兜底）

[全网热点] 抓取中...
  ↳ 尝试 zhiwei-event-rank: https://ef.zhiweidata.com/index/indexUp.do
    成功，10 条数据

[微博] 抓取中...
  ↳ 尝试 weibo-official: https://weibo.com/ajax/side/hotSearch
    成功，52 条数据

[抖音] 抓取中...
  ↳ 尝试 douyin-official: https://www.iesdouyin.com/web/api/v2/hotsearch/billboard/word/
    成功，50 条数据

[小红书] 抓取中...
  ↳ 尝试 uapi-xiaohongshu: https://uapis.cn/api/v1/misc/hotboard?…
    成功，20 条数据

--- 写入原始快照 ---
  ✓ 写入 /root/.joyclaw/workspace/hotspot-radar-updated/data/raw/2026-09-09/webwide-1500.json
  ✓ 写入 /root/.joyclaw/workspace/hotspot-radar-updated/data/raw/2026-09-09/weibo-1500.json
  ✓ 写入 /root/.joyclaw/workspace/hotspot-radar-updated/data/raw/2026-09-09/douyin-1500.json
  ✓ 写入 /root/.joyclaw/workspace/hotspot-radar-updated/data/raw/2026-09-09/xhs-1500.json

--- 写入 latest.json ---
  ✓ 写入 /root/.joyclaw/workspace/hotspot-radar-updated/public/data/latest.json
  ✓ 写入 /root/.joyclaw/workspace/hotspot-radar-updated/public/data/meta.json

=== 完成 (4/4 平台成功) ===

规则初筛完成：77 个候选，3 个待语义复核（四类硬性排除）
热度分级完成：S=3 A=8 B=26 展示=37 排除=1


━━━ [2.AI深度分析] ━━━
[ai] 已生成 37 条 AI 深度分析 → /root/.joyclaw/workspace/hotspot-radar-updated/public/data/ai-analysis.json
[ai] 自检通过：全部字段为 AI 深度内容（非爬虫原文/占位/雷同）


━━━ [3.修补radar(注入AI字段)] ━━━
✅ 已用 AI 深度分析修补 radar.json: 37 条注入, 0 条缺失


━━━ [4.合成业务建议+玩梗模板] ━━━
[gen] 从 radar.json 读取热点数: 37
[gen] AI 分析匹配: 37/37
[gen] top6 上限生效： 37 → 6
[gen] 玩梗热点: 1 条
[gen] 业务建议: 10 条
[gen] ✅ 已注入 businessForDash 到 dashboard.html
[gen] 完成：事件数 6 meme 1 业务建议 10
[gen] 输出： /root/.joyclaw/workspace/hotspot-radar-updated/public/data

[门禁] 37 条热点 × 3 字段 + business 非空，热度榜 37 条有效。

━━━ [5.注入dashboard] ━━━
✅ dashboard.html 已注入 2026-09-09 数据 (radar=37 hotspots, advice=6)


━━━ [6.模板校验] ━━━

> hotspot-radar@1.0.0 validate
> node scripts/validate-template.mjs

Hotspot radar template validation passed.


━━ 部署到 Netlify v2 (hotspot-radar-kaikai-v2) ━━

━━━ [7.部署] ━━━
​
Netlify Build                                                 
────────────────────────────────────────────────────────────────
​
❯ Version
  @netlify/build 36.4.7
​
❯ Flags
  accountId: 6a4ce7c89457a75fa84581f0
  deployId: 6aa103ff41ee9aa819e19c20
​
❯ Current directory
  /root/.joyclaw/workspace/hotspot-radar-updated
​
❯ Config file
  /root/.joyclaw/workspace/hotspot-radar-updated/netlify.toml
​
❯ Context
  production

Deploying to Netlify
────────────────────────────────────────────────────────────────

Deploy path:        /root/.joyclaw/workspace/hotspot-radar-updated/public
Configuration path: /root/.joyclaw/workspace/hotspot-radar-updated/netlify.toml

​
Netlify Build Complete                                        
────────────────────────────────────────────────────────────────
​
(Netlify Build completed in 9s)

🚀 Deploy complete
────────────────────────────────────────────────────────────────

Production URL: <https://hotspot-radar-kaikai-v2.netlify.app>
Unique deploy URL: <https://6aa103ff41ee9aa819e19c20--hotspot-radar-kaikai-v2.netlify.app>

Build logs: <https://app.netlify.com/projects/hotspot-radar-kaikai-v2/deploys/6aa103ff41ee9aa819e19c20>
Function logs: <https://app.netlify.com/projects/hotspot-radar-kaikai-v2/logs/functions>
Edge function logs: <https://app.netlify.com/projects/hotspot-radar-kaikai-v2/logs/edge-functions>


✅ 每日全流程完成。
产物:
  radar.json        → /root/.joyclaw/workspace/hotspot-radar-updated/public/data/radar.json
  ai-analysis.json  → /root/.joyclaw/workspace/hotspot-radar-updated/public/data/ai-analysis.json
  dashboard.html    → /root/.joyclaw/workspace/hotspot-radar-updated/public/dashboard.html

=== ✅ 每日更新完成 2026-09-09 15:00 ===
正式站点: https://hotspot-radar-kaikai-v2.netlify.app
=== 开始每日更新 2026-09-10 15:00 ===
--- 全流程(含AI深度分析+质量门禁+部署) ---
========================================
  热点雷达 每日全流程  2026/9/10 15:00:01
  deploy=true  check=false
========================================

━━━ [1.抓取/过滤/评分] ━━━

=== 热点雷达数据抓取 ===
CST 时间: 2026-09-10 15:00
JustOneAPI token: 未配置（小红书将走 vvhan 兜底）

[全网热点] 抓取中...
  ↳ 尝试 zhiwei-event-rank: https://ef.zhiweidata.com/index/indexUp.do
    成功，10 条数据

[微博] 抓取中...
  ↳ 尝试 weibo-official: https://weibo.com/ajax/side/hotSearch
    成功，50 条数据

[抖音] 抓取中...
  ↳ 尝试 douyin-official: https://www.iesdouyin.com/web/api/v2/hotsearch/billboard/word/
    成功，50 条数据

[小红书] 抓取中...
  ↳ 尝试 uapi-xiaohongshu: https://uapis.cn/api/v1/misc/hotboard?…
    成功，20 条数据

--- 写入原始快照 ---
  ✓ 写入 /root/.joyclaw/workspace/hotspot-radar-updated/data/raw/2026-09-10/webwide-1500.json
  ✓ 写入 /root/.joyclaw/workspace/hotspot-radar-updated/data/raw/2026-09-10/weibo-1500.json
  ✓ 写入 /root/.joyclaw/workspace/hotspot-radar-updated/data/raw/2026-09-10/douyin-1500.json
  ✓ 写入 /root/.joyclaw/workspace/hotspot-radar-updated/data/raw/2026-09-10/xhs-1500.json

--- 写入 latest.json ---
  ✓ 写入 /root/.joyclaw/workspace/hotspot-radar-updated/public/data/latest.json
  ✓ 写入 /root/.joyclaw/workspace/hotspot-radar-updated/public/data/meta.json

=== 完成 (4/4 平台成功) ===

规则初筛完成：89 个候选，0 个待语义复核（四类硬性排除）
[analyze] 已写入 radar.json: 6 席
======== 热点雷达 · 固定6席分级 ========  2026-09-10

【S】 知微 知微Top1 · 苹果2026秋季新品发布会  总分=80.8
  榜位分=90/100(35%) 热度分=95/100(20%) 趋势分=85(25%) 共振分=45(20%)
  趋势: 持续高位(第1名, 在榜11小时)
  禁区: 无

【S】 知微 知微Top2 · 苹果推出首款折叠屏iPhone Duo  总分=82.3
  榜位分=80/100(35%) 热度分=85/100(20%) 趋势分=85(25%) 共振分=80(20%)
  趋势: 持续高位(第2名, 在榜11小时)
  禁区: 无

【A】 知微 知微Top3 · 日本暴发梅毒疫情  总分=76.8
  榜位分=70/100(35%) 热度分=75/100(20%) 趋势分=85(25%) 共振分=80(20%)
  趋势: 持续高位(第3名, 在榜10小时)
  禁区: 无

【A】 知微 知微Top4 · 小米2026年秋季旗舰新品发布会  总分=68
  榜位分=60/100(35%) 热度分=65/100(20%) 趋势分=100(25%) 共振分=45(20%)
  趋势: 排名上升 7→4, 在榜11小时
  禁区: 无

【S】 抖音 抖音Top1 · 今天是教师节  总分=91.4
  榜位分=98/100(35%) 热度分=99/100(20%) 趋势分=85(25%) 共振分=80(20%)
  趋势: 抖音标记'爆'
  禁区: 无

【A】 微博 微博Top1 · 梅姨首任丈夫称她生两个儿子后离开  总分=77.7
  榜位分=98/100(35%) 热度分=97/100(20%) 趋势分=60(25%) 共振分=45(20%)
  趋势: 微博单次快照无在榜时长(按60)
  禁区: 无


━━━ [2.AI深度分析] ━━━
❌ 2.AI深度分析 失败 (exit 1)
[ai] 已生成 6 条 AI 深度分析 → /root/.joyclaw/workspace/hotspot-radar-updated/public/data/ai-analysis.json

[ai] 自检失败: 梅姨首任丈夫称她生两个儿子后离开.business 为空（每条热点都需 AI 业务建议）
[ai] 自检不通过：1 处字段不合格

❌ 全流程失败，未部署
=== 开始每日更新 2026-09-11 15:00 ===
--- 全流程(含AI深度分析+质量门禁+部署) ---
========================================
  热点雷达 每日全流程  2026/9/11 15:00:01
  deploy=true  check=false
========================================

━━━ [1.抓取/过滤/评分] ━━━

=== 热点雷达数据抓取 ===
CST 时间: 2026-09-11 15:00
JustOneAPI token: 未配置（小红书将走 vvhan 兜底）

[全网热点] 抓取中...
  ↳ 尝试 zhiwei-event-rank: https://ef.zhiweidata.com/index/indexUp.do
    成功，10 条数据

[微博] 抓取中...
  ↳ 尝试 weibo-official: https://weibo.com/ajax/side/hotSearch
    成功，51 条数据

[抖音] 抓取中...
  ↳ 尝试 douyin-official: https://www.iesdouyin.com/web/api/v2/hotsearch/billboard/word/
    成功，50 条数据

[小红书] 抓取中...
  ↳ 尝试 uapi-xiaohongshu: https://uapis.cn/api/v1/misc/hotboard?…
    成功，20 条数据

--- 写入原始快照 ---
  ✓ 写入 /root/.joyclaw/workspace/hotspot-radar-updated/data/raw/2026-09-11/webwide-1500.json
  ✓ 写入 /root/.joyclaw/workspace/hotspot-radar-updated/data/raw/2026-09-11/weibo-1500.json
  ✓ 写入 /root/.joyclaw/workspace/hotspot-radar-updated/data/raw/2026-09-11/douyin-1500.json
  ✓ 写入 /root/.joyclaw/workspace/hotspot-radar-updated/data/raw/2026-09-11/xhs-1500.json

--- 写入 latest.json ---
  ✓ 写入 /root/.joyclaw/workspace/hotspot-radar-updated/public/data/latest.json
  ✓ 写入 /root/.joyclaw/workspace/hotspot-radar-updated/public/data/meta.json

=== 完成 (4/4 平台成功) ===

规则初筛完成：90 个候选，0 个待语义复核（四类硬性排除）
[analyze] 已写入 radar.json: 6 席
======== 热点雷达 · 固定6席分级 ========  2026-09-11

【S】 知微 知微Top1 · 苹果2026秋季新品发布会  总分=80.8
  榜位分=90/100(35%) 热度分=95/100(20%) 趋势分=85(25%) 共振分=45(20%)
  趋势: 持续高位(第1名, 在榜11小时)
  禁区: 无

【S】 知微 知微Top2 · 苹果推出首款折叠屏iPhone Duo  总分=82.3
  榜位分=80/100(35%) 热度分=85/100(20%) 趋势分=85(25%) 共振分=80(20%)
  趋势: 持续高位(第2名, 在榜11小时)
  禁区: 无

【A】 知微 知微Top3 · 2026年服贸会在京开幕  总分=73.5
  榜位分=70/100(35%) 热度分=75/100(20%) 趋势分=100(25%) 共振分=45(20%)
  趋势: 排名上升 4→3, 在榜11小时
  禁区: 无

【A】 知微 知微Top4 · 小米2026年秋季旗舰新品发布会  总分=68
  榜位分=60/100(35%) 热度分=65/100(20%) 趋势分=100(25%) 共振分=45(20%)
  趋势: 排名上升 5→4, 在榜11小时
  禁区: 无

【S】 抖音 抖音Top1 · 9月11日24时国内油价将调整  总分=84.4
  榜位分=98/100(35%) 热度分=99/100(20%) 趋势分=85(25%) 共振分=45(20%)
  趋势: 抖音标记'爆'
  禁区: 无

【A】 微博 微博Top1 · 车主称坠楼砸车小孩家长态度转变  总分=78.1
  榜位分=98/100(35%) 热度分=99/100(20%) 趋势分=60(25%) 共振分=45(20%)
  趋势: 微博单次快照无在榜时长(按60)
  禁区: 无


━━━ [2.AI深度分析] ━━━
[ai] 已生成 6 条 AI 深度分析 → /root/.joyclaw/workspace/hotspot-radar-updated/public/data/ai-analysis.json
[ai] 自检通过：全部字段为 AI 深度内容（非爬虫原文/占位/雷同）


━━━ [3.修补radar(注入AI字段)] ━━━
✅ 已用 AI 深度分析修补 radar.json: 6 条注入, 0 条缺失


━━━ [4.合成业务建议+玩梗模板] ━━━
[gen] 从 radar.json 读取热点数: 6
[gen] AI 分析匹配: 6/6
[gen] 固定6席生效： 6 → 6 （保留固定席位顺序）
[gen] 玩梗热点: 6 条
[gen] 业务建议: 48 条
[gen] ⚠️ dashboard.html 未匹配到内嵌块，跳过注入（请人工检查）
[gen] 完成：事件数 6 meme 6 业务建议 48
[gen] 输出： /root/.joyclaw/workspace/hotspot-radar-updated/public/data

[门禁] 6 条热点 × 3 字段 + business 非空，热度榜 6 条有效。

━━━ [5.注入dashboard] ━━━
✅ dashboard.html 已注入 2026-09-11 数据 (radar=6 hotspots, advice=8)


━━━ [6.模板校验] ━━━

> hotspot-radar@1.0.0 validate
> node scripts/validate-template.mjs

[门禁] radar.json 6 条热点 AI 字段完整
[门禁] business-advice.json 当日业务建议完整 (8 类)
[门禁] meme-topics.json 6 条 meme 话题完整
Hotspot radar template validation passed. ✅


━━ 部署到 Netlify v2 (hotspot-radar-kaikai-v2) ━━

━━━ [7.部署] ━━━
❌ 7.部署 失败 (exit 1)

 ›   JSONHTTPError: Forbidden

❌ 全流程失败，未部署
=== 开始每日更新 2026-09-14 15:00 ===
--- 全流程(含AI深度分析+质量门禁+部署) ---
========================================
  热点雷达 每日全流程  2026/9/14 15:00:01
  deploy=true  check=false
========================================

━━━ [1.抓取/过滤/评分] ━━━

=== 热点雷达数据抓取 ===
CST 时间: 2026-09-14 15:00
JustOneAPI token: 未配置（小红书将走 vvhan 兜底）

[全网热点] 抓取中...
  ↳ 尝试 zhiwei-event-rank: https://ef.zhiweidata.com/index/indexUp.do
    成功，10 条数据

[微博] 抓取中...
  ↳ 尝试 weibo-official: https://weibo.com/ajax/side/hotSearch
    成功，51 条数据

[抖音] 抓取中...
  ↳ 尝试 douyin-official: https://www.iesdouyin.com/web/api/v2/hotsearch/billboard/word/
    成功，50 条数据

[小红书] 抓取中...
  ↳ 尝试 uapi-xiaohongshu: https://uapis.cn/api/v1/misc/hotboard?…
    成功，20 条数据

--- 写入原始快照 ---
  ✓ 写入 /root/.joyclaw/workspace/hotspot-radar-updated/data/raw/2026-09-14/webwide-1500.json
  ✓ 写入 /root/.joyclaw/workspace/hotspot-radar-updated/data/raw/2026-09-14/weibo-1500.json
  ✓ 写入 /root/.joyclaw/workspace/hotspot-radar-updated/data/raw/2026-09-14/douyin-1500.json
  ✓ 写入 /root/.joyclaw/workspace/hotspot-radar-updated/data/raw/2026-09-14/xhs-1500.json

--- 写入 latest.json ---
  ✓ 写入 /root/.joyclaw/workspace/hotspot-radar-updated/public/data/latest.json
  ✓ 写入 /root/.joyclaw/workspace/hotspot-radar-updated/public/data/meta.json

=== 完成 (4/4 平台成功) ===

规则初筛完成：90 个候选，0 个待语义复核（四类硬性排除）
[analyze] 已写入 radar.json: 6 席
======== 热点雷达 · 固定6席分级 ========  2026-09-14

【S】 知微 知微Top1 · 罗永浩吐槽野人先生难吃  总分=80.8
  榜位分=90/100(35%) 热度分=95/100(20%) 趋势分=85(25%) 共振分=45(20%)
  趋势: 持续高位(第1名, 在榜10小时)
  禁区: 无

【A】 知微 知微Top2 · 苹果2026秋季新品发布会  总分=75.3
  榜位分=80/100(35%) 热度分=85/100(20%) 趋势分=85(25%) 共振分=45(20%)
  趋势: 持续高位(第2名, 在榜11小时)
  禁区: 无

【A】 知微 知微Top3 · 苹果推出首款折叠屏iPhone Duo  总分=76.8
  榜位分=70/100(35%) 热度分=75/100(20%) 趋势分=85(25%) 共振分=80(20%)
  趋势: 持续高位(第3名, 在榜11小时)
  禁区: 无

【B】 知微 知微Top4 · 2026年服贸会在京开幕  总分=64.3
  榜位分=60/100(35%) 热度分=65/100(20%) 趋势分=85(25%) 共振分=45(20%)
  趋势: 持续高位(第4名, 在榜11小时)
  禁区: 无

【S】 抖音 抖音Top1 · 英超官方承认哈兰德进球是误判  总分=84.4
  榜位分=98/100(35%) 热度分=99/100(20%) 趋势分=85(25%) 共振分=45(20%)
  趋势: 抖音标记'爆'
  禁区: 无

【A】 微博 微博Top1 · 野人先生 冷处理  总分=78.1
  榜位分=98/100(35%) 热度分=99/100(20%) 趋势分=60(25%) 共振分=45(20%)
  趋势: 微博单次快照无在榜时长(按60)
  禁区: 无


━━━ [2.AI深度分析] ━━━
[ai] 已生成 6 条 AI 深度分析 → /root/.joyclaw/workspace/hotspot-radar-updated/public/data/ai-analysis.json
[ai] 自检通过：全部字段为 AI 深度内容（非爬虫原文/占位/雷同）


━━━ [3.修补radar(注入AI字段)] ━━━
✅ 已用 AI 深度分析修补 radar.json: 6 条注入, 0 条缺失


━━━ [4.合成业务建议] ━━━
[gen] 从 radar.json 读取热点数: 6
[gen] AI 分析匹配: 6/6
[gen] 固定6席生效： 6 → 6 （保留固定席位顺序）
[gen] 业务建议(08-28风格): 8 个业务
[gen] ⚠️ dashboard.html 未匹配到内嵌块，跳过注入（请人工检查）
[gen] 完成：事件数 6 业务建议 8
[gen] 输出： /root/.joyclaw/workspace/hotspot-radar-updated/public/data

[门禁] 6 条热点 × 3 字段 + business 非空，热度榜 6 条有效。

━━━ [5.注入dashboard] ━━━
✅ dashboard.html 已注入 2026-09-14 数据 (radar=6 hotspots, advice=8)


━━━ [6.模板校验] ━━━

> hotspot-radar@1.0.0 validate
> node scripts/validate-template.mjs

[门禁] radar.json 6 条热点 AI 字段完整
[门禁] business-advice.json 当日业务建议完整 (8 类)
Hotspot radar template validation passed. ✅


━━ 部署到 Netlify v2 (hotspot-radar-kaikai-v2) ━━

━━━ [7.部署] ━━━
❌ 7.部署 失败 (exit 1)

 ›   JSONHTTPError: Forbidden

❌ 全流程失败，未部署
=== 开始每日更新 2026-09-15 15:00 ===
--- 全流程(含AI深度分析+质量门禁+注入dashboard) ---
========================================
  热点雷达 每日全流程  2026/9/15 15:00:01
  deploy=false  check=false
========================================

━━━ [1.抓取/过滤/评分] ━━━

=== 热点雷达数据抓取 ===
CST 时间: 2026-09-15 15:00
JustOneAPI token: 未配置（小红书将走 vvhan 兜底）

[全网热点] 抓取中...
  ↳ 尝试 zhiwei-event-rank: https://ef.zhiweidata.com/index/indexUp.do
    成功，10 条数据

[微博] 抓取中...
  ↳ 尝试 weibo-official: https://weibo.com/ajax/side/hotSearch
    成功，52 条数据

[抖音] 抓取中...
  ↳ 尝试 douyin-official: https://www.iesdouyin.com/web/api/v2/hotsearch/billboard/word/
    成功，50 条数据

[小红书] 抓取中...
  ↳ 尝试 uapi-xiaohongshu: https://uapis.cn/api/v1/misc/hotboard?…
    成功，20 条数据

--- 写入原始快照 ---
  ✓ 写入 /root/.joyclaw/workspace/hotspot-radar-updated/data/raw/2026-09-15/webwide-1500.json
  ✓ 写入 /root/.joyclaw/workspace/hotspot-radar-updated/data/raw/2026-09-15/weibo-1500.json
  ✓ 写入 /root/.joyclaw/workspace/hotspot-radar-updated/data/raw/2026-09-15/douyin-1500.json
  ✓ 写入 /root/.joyclaw/workspace/hotspot-radar-updated/data/raw/2026-09-15/xhs-1500.json

--- 写入 latest.json ---
  ✓ 写入 /root/.joyclaw/workspace/hotspot-radar-updated/public/data/latest.json
  ✓ 写入 /root/.joyclaw/workspace/hotspot-radar-updated/public/data/meta.json

=== 完成 (4/4 平台成功) ===

规则初筛完成：90 个候选，0 个待语义复核（四类硬性排除）
[analyze] 已写入 radar.json: 6 席
======== 热点雷达 · 固定6席分级 ========  2026-09-15

【S】 知微 知微Top1 · 赵雷鸟巢演唱会情侣求婚被喊坐下  总分=80.8
  榜位分=90/100(35%) 热度分=95/100(20%) 趋势分=85(25%) 共振分=45(20%)
  趋势: 持续高位(第1名, 在榜10小时)
  禁区: 无

【A】 知微 知微Top2 · 苹果2026秋季新品发布会  总分=75.3
  榜位分=80/100(35%) 热度分=85/100(20%) 趋势分=85(25%) 共振分=45(20%)
  趋势: 持续高位(第2名, 在榜11小时)
  禁区: 无

【A】 知微 知微Top3 · Hyrox回应选手失禁完赛  总分=73.5
  榜位分=70/100(35%) 热度分=75/100(20%) 趋势分=100(25%) 共振分=45(20%)
  趋势: 排名上升 9→3, 在榜10小时
  禁区: 无

【B】 知微 知微Top4 · 苹果推出首款折叠屏iPhone Duo  总分=64.3
  榜位分=60/100(35%) 热度分=65/100(20%) 趋势分=85(25%) 共振分=45(20%)
  趋势: 持续高位(第4名, 在榜11小时)
  禁区: 无

【A】 抖音 抖音Top1 · 曝华为赛力斯合作模式调整  总分=78.1
  榜位分=98/100(35%) 热度分=99/100(20%) 趋势分=60(25%) 共振分=45(20%)
  趋势: 抖音标记'新'(刚上榜)
  禁区: 无

【A】 微博 微博Top1 · 我国人口总量14.05亿  总分=78.1
  榜位分=98.1/100(35%) 热度分=99/100(20%) 趋势分=60(25%) 共振分=45(20%)
  趋势: 微博单次快照无在榜时长(按60)
  禁区: 无


━━━ [2.AI深度分析] ━━━
[ai] 已生成 6 条 AI 深度分析 → /root/.joyclaw/workspace/hotspot-radar-updated/public/data/ai-analysis.json
[ai] 自检通过：全部字段为 AI 深度内容（非爬虫原文/占位/雷同）


━━━ [3.修补radar(注入AI字段)] ━━━
✅ 已用 AI 深度分析修补 radar.json: 6 条注入, 0 条缺失


━━━ [4.合成业务建议] ━━━
[gen] 从 radar.json 读取热点数: 6
[gen] AI 分析匹配: 6/6
[gen] 固定6席生效： 6 → 6 （保留固定席位顺序）
[gen] 业务建议(08-28风格): 8 个业务
[gen] ⚠️ dashboard.html 未匹配到内嵌块，跳过注入（请人工检查）
[gen] 完成：事件数 6 业务建议 8
[gen] 输出： /root/.joyclaw/workspace/hotspot-radar-updated/public/data

[门禁] 6 条热点 × 3 字段 + business 非空，热度榜 6 条有效。

━━━ [5.注入dashboard] ━━━
✅ dashboard.html 已注入 2026-09-15 数据 (radar=6 hotspots, advice=8)


━━━ [6.模板校验] ━━━

> hotspot-radar@1.0.0 validate
> node scripts/validate-template.mjs

[门禁] radar.json 6 条热点 AI 字段完整
[门禁] business-advice.json 当日业务建议完整 (8 类)
Hotspot radar template validation passed. ✅


✅ 每日全流程完成。
产物:
  radar.json        → /root/.joyclaw/workspace/hotspot-radar-updated/public/data/radar.json
  ai-analysis.json  → /root/.joyclaw/workspace/hotspot-radar-updated/public/data/ai-analysis.json
  dashboard.html    → /root/.joyclaw/workspace/hotspot-radar-updated/public/dashboard.html
--- 推送 GitHub（触发 gh-pages 自动部署） ---
[main 09f294c] daily update 2026-09-15 1500
 12 files changed, 5599 insertions(+), 947 deletions(-)
 create mode 100644 data/raw/2026-09-15/douyin-1500.json
 create mode 100644 data/raw/2026-09-15/webwide-1500.json
 create mode 100644 data/raw/2026-09-15/weibo-1500.json
 create mode 100644 data/raw/2026-09-15/xhs-1500.json
==> 开始推送 origin main（HTTP/1.1，最多 6 次）
--- 第 1/6 次推送 ---
To https://github.com/lele-shen-catherine/hotspot-radar-updated.git
 ! [rejected]        main -> main (fetch first)
error: failed to push some refs to 'https://github.com/lele-shen-catherine/hotspot-radar-updated.git'
hint: Updates were rejected because the remote contains work that you do
hint: not have locally. This is usually caused by another repository pushing
hint: to the same ref. You may want to first integrate the remote changes
hint: (e.g., 'git pull ...') before pushing again.
hint: See the 'Note about fast-forwards' in 'git push --help' for details.
⚠️ 第 1 次失败，等待 20s 后重试...
--- 第 2/6 次推送 ---
To https://github.com/lele-shen-catherine/hotspot-radar-updated.git
 ! [rejected]        main -> main (fetch first)
error: failed to push some refs to 'https://github.com/lele-shen-catherine/hotspot-radar-updated.git'
hint: Updates were rejected because the remote contains work that you do
hint: not have locally. This is usually caused by another repository pushing
hint: to the same ref. You may want to first integrate the remote changes
hint: (e.g., 'git pull ...') before pushing again.
hint: See the 'Note about fast-forwards' in 'git push --help' for details.
⚠️ 第 2 次失败，等待 40s 后重试...
--- 第 3/6 次推送 ---
To https://github.com/lele-shen-catherine/hotspot-radar-updated.git
 ! [rejected]        main -> main (fetch first)
error: failed to push some refs to 'https://github.com/lele-shen-catherine/hotspot-radar-updated.git'
hint: Updates were rejected because the remote contains work that you do
hint: not have locally. This is usually caused by another repository pushing
hint: to the same ref. You may want to first integrate the remote changes
hint: (e.g., 'git pull ...') before pushing again.
hint: See the 'Note about fast-forwards' in 'git push --help' for details.
⚠️ 第 3 次失败，等待 80s 后重试...
--- 第 4/6 次推送 ---
To https://github.com/lele-shen-catherine/hotspot-radar-updated.git
 ! [rejected]        main -> main (fetch first)
error: failed to push some refs to 'https://github.com/lele-shen-catherine/hotspot-radar-updated.git'
hint: Updates were rejected because the remote contains work that you do
hint: not have locally. This is usually caused by another repository pushing
hint: to the same ref. You may want to first integrate the remote changes
hint: (e.g., 'git pull ...') before pushing again.
hint: See the 'Note about fast-forwards' in 'git push --help' for details.
⚠️ 第 4 次失败，等待 160s 后重试...
--- 第 5/6 次推送 ---
To https://github.com/lele-shen-catherine/hotspot-radar-updated.git
 ! [rejected]        main -> main (fetch first)
error: failed to push some refs to 'https://github.com/lele-shen-catherine/hotspot-radar-updated.git'
hint: Updates were rejected because the remote contains work that you do
hint: not have locally. This is usually caused by another repository pushing
hint: to the same ref. You may want to first integrate the remote changes
hint: (e.g., 'git pull ...') before pushing again.
hint: See the 'Note about fast-forwards' in 'git push --help' for details.
⚠️ 第 5 次失败，等待 320s 后重试...
--- 第 6/6 次推送 ---
To https://github.com/lele-shen-catherine/hotspot-radar-updated.git
 ! [rejected]        main -> main (fetch first)
error: failed to push some refs to 'https://github.com/lele-shen-catherine/hotspot-radar-updated.git'
hint: Updates were rejected because the remote contains work that you do
hint: not have locally. This is usually caused by another repository pushing
hint: to the same ref. You may want to first integrate the remote changes
hint: (e.g., 'git pull ...') before pushing again.
hint: See the 'Note about fast-forwards' in 'git push --help' for details.
❌ 推送失败：已达最大重试次数
   诊断建议：
   - 检查网络: curl -sI https://github.com
   - 检查认证: git ls-remote origin HEAD
❌ GitHub 推送失败，请检查网络/认证后手动重跑 scripts/push-github.sh
=== 开始每日更新 2026-09-16 15:00 ===
--- 全流程(含AI深度分析+质量门禁+注入dashboard) ---
========================================
  热点雷达 每日全流程  2026/9/16 15:00:01
  deploy=false  check=false
========================================

━━━ [1.抓取/过滤/评分] ━━━

=== 热点雷达数据抓取 ===
CST 时间: 2026-09-16 15:00
JustOneAPI token: 未配置（小红书将走 vvhan 兜底）

[全网热点] 抓取中...
  ↳ 尝试 zhiwei-event-rank: https://ef.zhiweidata.com/index/indexUp.do
    成功，10 条数据

[微博] 抓取中...
  ↳ 尝试 weibo-official: https://weibo.com/ajax/side/hotSearch
    成功，52 条数据

[抖音] 抓取中...
  ↳ 尝试 douyin-official: https://www.iesdouyin.com/web/api/v2/hotsearch/billboard/word/
    成功，50 条数据

[小红书] 抓取中...
  ↳ 尝试 uapi-xiaohongshu: https://uapis.cn/api/v1/misc/hotboard?…
    成功，20 条数据

--- 写入原始快照 ---
  ✓ 写入 /root/.joyclaw/workspace/hotspot-radar-updated/data/raw/2026-09-16/webwide-1500.json
  ✓ 写入 /root/.joyclaw/workspace/hotspot-radar-updated/data/raw/2026-09-16/weibo-1500.json
  ✓ 写入 /root/.joyclaw/workspace/hotspot-radar-updated/data/raw/2026-09-16/douyin-1500.json
  ✓ 写入 /root/.joyclaw/workspace/hotspot-radar-updated/data/raw/2026-09-16/xhs-1500.json

--- 写入 latest.json ---
  ✓ 写入 /root/.joyclaw/workspace/hotspot-radar-updated/public/data/latest.json
  ✓ 写入 /root/.joyclaw/workspace/hotspot-radar-updated/public/data/meta.json

=== 完成 (4/4 平台成功) ===

规则初筛完成：89 个候选，1 个待语义复核（四类硬性排除）
[analyze] 已写入 radar.json: 6 席
======== 热点雷达 · 固定6席分级 ========  2026-09-16

【A】 知微 知微Top1 · 传“黑人”陈建州突发心梗接受手术  总分=84.5
  榜位分=90/100(35%) 热度分=95/100(20%) 趋势分=100(25%) 共振分=45(20%)
  趋势: 排名上升 2→1, 在榜11小时
  禁区: 无

【A】 知微 知微Top2 · 华为赛力斯合作模式调整  总分=75.3
  榜位分=80/100(35%) 热度分=85/100(20%) 趋势分=85(25%) 共振分=45(20%)
  趋势: 持续高位(第2名, 在榜11小时)
  禁区: 无

【B】 知微 知微Top3 · 苹果2026秋季新品发布会  总分=69.8
  榜位分=70/100(35%) 热度分=75/100(20%) 趋势分=85(25%) 共振分=45(20%)
  趋势: 持续高位(第3名, 在榜11小时)
  禁区: 无

【B】 知微 知微Top4 · 第十三届北京香山论坛于9月15日启幕  总分=64.3
  榜位分=60/100(35%) 热度分=65/100(20%) 趋势分=85(25%) 共振分=45(20%)
  趋势: 持续高位(第4名, 在榜11小时)
  禁区: 无

【A】 抖音 抖音Top1 · 赵家驹巨人之旅破纪录夺冠  总分=84.3
  榜位分=98/100(35%) 热度分=99/100(20%) 趋势分=85(25%) 共振分=45(20%)
  趋势: 抖音标记'爆'
  禁区: 无

【A】 微博 微博Top1 · 南方医科大学学生发声  总分=78.1
  榜位分=98/100(35%) 热度分=99/100(20%) 趋势分=60(25%) 共振分=45(20%)
  趋势: 微博单次快照无在榜时长(按60)
  禁区: 无


━━━ [2.AI深度分析] ━━━
[ai] 已生成 6 条 AI 深度分析 → /root/.joyclaw/workspace/hotspot-radar-updated/public/data/ai-analysis.json
[ai] 自检通过：全部字段为 AI 深度内容（非爬虫原文/占位/雷同）


━━━ [3.修补radar(注入AI字段)] ━━━
✅ 已用 AI 深度分析修补 radar.json: 6 条注入, 0 条缺失


━━━ [4.合成业务建议] ━━━
[gen] 从 radar.json 读取热点数: 6
[gen] AI 分析匹配: 6/6
[gen] 固定6席生效： 6 → 6 （保留固定席位顺序）
[gen] 业务建议(08-28风格): 8 个业务
[gen] ⚠️ dashboard.html 未匹配到内嵌块，跳过注入（请人工检查）
[gen] 完成：事件数 6 业务建议 8
[gen] 输出： /root/.joyclaw/workspace/hotspot-radar-updated/public/data

[门禁] 6 条热点 × 3 字段 + business 非空，热度榜 6 条有效。

━━━ [5.注入dashboard] ━━━
✅ dashboard.html 已注入 2026-09-16 数据 (radar=6 hotspots, advice=8)


━━━ [6.模板校验] ━━━

> hotspot-radar@1.0.0 validate
> node scripts/validate-template.mjs

[门禁] radar.json 6 条热点 AI 字段完整
[门禁] business-advice.json 当日业务建议完整 (8 类)
Hotspot radar template validation passed. ✅


✅ 每日全流程完成。
产物:
  radar.json        → /root/.joyclaw/workspace/hotspot-radar-updated/public/data/radar.json
  ai-analysis.json  → /root/.joyclaw/workspace/hotspot-radar-updated/public/data/ai-analysis.json
  dashboard.html    → /root/.joyclaw/workspace/hotspot-radar-updated/public/dashboard.html
--- 推送 GitHub（触发 gh-pages 自动部署） ---
[main e857641] daily update 2026-09-16 1500
 12 files changed, 5263 insertions(+), 609 deletions(-)
 create mode 100644 data/raw/2026-09-16/douyin-1500.json
 create mode 100644 data/raw/2026-09-16/webwide-1500.json
 create mode 100644 data/raw/2026-09-16/weibo-1500.json
 create mode 100644 data/raw/2026-09-16/xhs-1500.json
==> 开始推送 origin main（HTTP/1.1，最多 6 次）
--- 第 1/6 次推送 ---
To https://github.com/lele-shen-catherine/hotspot-radar-updated.git
   d4f3b95..e857641  main -> main
✅ push 成功（第 1 次）

=== ✅ 每日更新完成 2026-09-16 15:00 ===
线上访问: https://lele-shen-catherine.github.io/hotspot-radar-updated/
Dashboard: https://lele-shen-catherine.github.io/hotspot-radar-updated/dashboard.html
=== 开始每日更新 2026-09-17 15:00 ===
--- 全流程(含AI深度分析+质量门禁+注入dashboard) ---
========================================
  热点雷达 每日全流程  2026/9/17 15:00:01
  deploy=false  check=false
========================================

━━━ [1.抓取/过滤/评分] ━━━

=== 热点雷达数据抓取 ===
CST 时间: 2026-09-17 15:00
JustOneAPI token: 未配置（小红书将走 vvhan 兜底）

[全网热点] 抓取中...
  ↳ 尝试 zhiwei-event-rank: https://ef.zhiweidata.com/index/indexUp.do
    成功，10 条数据

[微博] 抓取中...
  ↳ 尝试 weibo-official: https://weibo.com/ajax/side/hotSearch
    成功，52 条数据

[抖音] 抓取中...
  ↳ 尝试 douyin-official: https://www.iesdouyin.com/web/api/v2/hotsearch/billboard/word/
    成功，50 条数据

[小红书] 抓取中...
  ↳ 尝试 uapi-xiaohongshu: https://uapis.cn/api/v1/misc/hotboard?…
    成功，20 条数据

--- 写入原始快照 ---
  ✓ 写入 /root/.joyclaw/workspace/hotspot-radar-updated/data/raw/2026-09-17/webwide-1500.json
  ✓ 写入 /root/.joyclaw/workspace/hotspot-radar-updated/data/raw/2026-09-17/weibo-1500.json
  ✓ 写入 /root/.joyclaw/workspace/hotspot-radar-updated/data/raw/2026-09-17/douyin-1500.json
  ✓ 写入 /root/.joyclaw/workspace/hotspot-radar-updated/data/raw/2026-09-17/xhs-1500.json

--- 写入 latest.json ---
  ✓ 写入 /root/.joyclaw/workspace/hotspot-radar-updated/public/data/latest.json
  ✓ 写入 /root/.joyclaw/workspace/hotspot-radar-updated/public/data/meta.json

=== 完成 (4/4 平台成功) ===

规则初筛完成：90 个候选，0 个待语义复核（四类硬性排除）
[analyze] 已写入 radar.json: 5 席
======== 热点雷达 · 固定6席分级 ========  2026-09-17

【A】 抖音 总榜Top1 · 美联储宣布加息25个基点  总分=84.4
  榜位分=98/100(35%) 热度分=99/100(20%) 趋势分=85(25%) 共振分=45(20%)
  趋势: 抖音标记'爆'
  禁区: 无

【A】 知微 总榜Top2 · 警方调查南方医科大学跳楼事件  总分=79
  榜位分=80/100(35%) 热度分=85/100(20%) 趋势分=100(25%) 共振分=45(20%)
  趋势: 排名上升 4→2, 在榜11小时
  禁区: 无

【A】 微博 总榜Top3 · 举手式睡姿是身体在求救  总分=78.1
  榜位分=98.1/100(35%) 热度分=99/100(20%) 趋势分=60(25%) 共振分=45(20%)
  趋势: 微博单次快照无在榜时长(按60)
  禁区: 无

【A】 知微 总榜Top4 · 国乒落地名古屋机场遭遇长时间滞留  总分=73.5
  榜位分=70/100(35%) 热度分=75/100(20%) 趋势分=100(25%) 共振分=45(20%)
  趋势: 排名上升 5→3, 在榜11小时
  禁区: 无

【B】 知微 总榜Top5 · 一点点门店被曝威胁员工  总分=68
  榜位分=60/100(35%) 热度分=65/100(20%) 趋势分=100(25%) 共振分=45(20%)
  趋势: 排名上升 7→4, 在榜11小时
  禁区: 无


━━━ [2.AI深度分析] ━━━
[ai] 已生成 5 条 AI 深度分析 → /root/.joyclaw/workspace/hotspot-radar-updated/public/data/ai-analysis.json
[ai] 自检通过：全部字段为 AI 深度内容（非爬虫原文/占位/雷同）


━━━ [3.修补radar(注入AI字段)] ━━━
✅ 已用 AI 深度分析修补 radar.json: 5 条注入, 0 条缺失


━━━ [4.合成业务建议] ━━━
[gen] 从 radar.json 读取热点数: 5
[gen] AI 分析匹配: 5/5
[gen] 固定6席生效： 5 → 5 （保留固定席位顺序）
[gen] 业务建议(08-28风格): 8 个业务
[gen] ⚠️ dashboard.html 未匹配到内嵌块，跳过注入（请人工检查）
[gen] 完成：事件数 5 业务建议 8
[gen] 输出： /root/.joyclaw/workspace/hotspot-radar-updated/public/data

[门禁] 5 条热点 × 3 字段 + business 非空，热度榜 5 条有效。

━━━ [5.注入dashboard] ━━━
✅ dashboard.html 已注入 2026-09-17 数据 (radar=5 hotspots, advice=8)


━━━ [6.模板校验] ━━━

> hotspot-radar@1.0.0 validate
> node scripts/validate-template.mjs

[门禁] radar.json 5 条热点 AI 字段完整
[门禁] business-advice.json 当日业务建议完整 (8 类)
Hotspot radar template validation passed. ✅


✅ 每日全流程完成。
产物:
  radar.json        → /root/.joyclaw/workspace/hotspot-radar-updated/public/data/radar.json
  ai-analysis.json  → /root/.joyclaw/workspace/hotspot-radar-updated/public/data/ai-analysis.json
  dashboard.html    → /root/.joyclaw/workspace/hotspot-radar-updated/public/dashboard.html
--- 推送 GitHub（触发 gh-pages 自动部署） ---
[main 2354e1a] daily update 2026-09-17 1500
 13 files changed, 5466 insertions(+), 925 deletions(-)
 create mode 100644 data/raw/2026-09-17/douyin-1500.json
 create mode 100644 data/raw/2026-09-17/webwide-1500.json
 create mode 100644 data/raw/2026-09-17/weibo-1500.json
 create mode 100644 data/raw/2026-09-17/xhs-1500.json
==> 开始推送 origin main（HTTP/1.1，最多 6 次）
--- 第 1/6 次推送 ---
To https://github.com/lele-shen-catherine/hotspot-radar-updated.git
   233c180..2354e1a  main -> main
✅ push 成功（第 1 次）

=== ✅ 每日更新完成 2026-09-17 15:00 ===
线上访问: https://lele-shen-catherine.github.io/hotspot-radar-updated/
Dashboard: https://lele-shen-catherine.github.io/hotspot-radar-updated/dashboard.html
=== 开始每日更新 2026-09-18 15:00 ===
--- 全流程(含AI深度分析+质量门禁+注入dashboard) ---
========================================
  热点雷达 每日全流程  2026/9/18 15:00:01
  deploy=false  check=false
========================================

━━━ [1.抓取/过滤/评分] ━━━

=== 热点雷达数据抓取 ===
CST 时间: 2026-09-18 15:00
JustOneAPI token: 未配置（小红书将走 vvhan 兜底）

[全网热点] 抓取中...
  ↳ 尝试 zhiwei-event-rank: https://ef.zhiweidata.com/index/indexUp.do
    成功，10 条数据

[微博] 抓取中...
  ↳ 尝试 weibo-official: https://weibo.com/ajax/side/hotSearch
    成功，50 条数据

[抖音] 抓取中...
  ↳ 尝试 douyin-official: https://www.iesdouyin.com/web/api/v2/hotsearch/billboard/word/
    成功，50 条数据

[小红书] 抓取中...
  ↳ 尝试 uapi-xiaohongshu: https://uapis.cn/api/v1/misc/hotboard?…
    成功，20 条数据

--- 写入原始快照 ---
  ✓ 写入 /root/.joyclaw/workspace/hotspot-radar-updated/data/raw/2026-09-18/webwide-1500.json
  ✓ 写入 /root/.joyclaw/workspace/hotspot-radar-updated/data/raw/2026-09-18/weibo-1500.json
  ✓ 写入 /root/.joyclaw/workspace/hotspot-radar-updated/data/raw/2026-09-18/douyin-1500.json
  ✓ 写入 /root/.joyclaw/workspace/hotspot-radar-updated/data/raw/2026-09-18/xhs-1500.json

--- 写入 latest.json ---
  ✓ 写入 /root/.joyclaw/workspace/hotspot-radar-updated/public/data/latest.json
  ✓ 写入 /root/.joyclaw/workspace/hotspot-radar-updated/public/data/meta.json

=== 完成 (4/4 平台成功) ===

规则初筛完成：88 个候选，2 个待语义复核（四类硬性排除）
[analyze] 已写入 radar.json: 5 席
======== 热点雷达 · 固定6席分级 ========  2026-09-18

【A】 知微 总榜Top1 · 华为赛力斯合作模式调整  总分=80.3
  榜位分=88.9/100(35%) 热度分=94.4/100(20%) 趋势分=85(25%) 共振分=45(20%)
  趋势: 持续高位(第1名, 在榜11小时)
  禁区: 无

【A】 抖音 总榜Top2 · 日本央行加息25个基点  总分=78.1
  榜位分=98/100(35%) 热度分=99/100(20%) 趋势分=60(25%) 共振分=45(20%)
  趋势: 抖音无在榜时长(按60)
  禁区: 无

【A】 微博 总榜Top3 · 沈鼓  总分=78.1
  榜位分=98/100(35%) 热度分=99/100(20%) 趋势分=60(25%) 共振分=45(20%)
  趋势: 微博单次快照无在榜时长(按60)
  禁区: 无

【B】 知微 总榜Top4 · 警方调查南方医科大学跳楼事件  总分=68
  榜位分=66.7/100(35%) 热度分=72.2/100(20%) 趋势分=85(25%) 共振分=45(20%)
  趋势: 持续高位(第3名, 在榜6小时)
  禁区: 无

【B】 知微 总榜Top5 · 粉笔再发公考培训小作文  总分=61.9
  榜位分=55.6/100(35%) 热度分=61.1/100(20%) 趋势分=85(25%) 共振分=45(20%)
  趋势: 持续高位(第4名, 在榜11小时)
  禁区: 无


━━━ [2.AI深度分析] ━━━
[ai] 已生成 5 条 AI 深度分析 → /root/.joyclaw/workspace/hotspot-radar-updated/public/data/ai-analysis.json
[ai] 自检通过：全部字段为 AI 深度内容（非爬虫原文/占位/雷同）


━━━ [3.修补radar(注入AI字段)] ━━━
✅ 已用 AI 深度分析修补 radar.json: 5 条注入, 0 条缺失


━━━ [4.合成业务建议] ━━━
[gen] 从 radar.json 读取热点数: 5
[gen] AI 分析匹配: 5/5
[gen] 固定6席生效： 5 → 5 （保留固定席位顺序）
[gen] 业务建议(08-28风格): 8 个业务
[gen] ⚠️ dashboard.html 未匹配到内嵌块，跳过注入（请人工检查）
[gen] 完成：事件数 5 业务建议 8
[gen] 输出： /root/.joyclaw/workspace/hotspot-radar-updated/public/data

[门禁] 5 条热点 × 3 字段 + business 非空，热度榜 5 条有效。

━━━ [5.注入dashboard] ━━━
✅ dashboard.html 已注入 2026-09-18 数据 (radar=5 hotspots, advice=8)


━━━ [5.5历史归档(保留7天)] ━━━
[archive] 今天=2026-09-18  7天窗口起点=2026-09-12
✅ 已归档今天页面 → public/history/2026-09-18.html
✅ manifest.json 重建：1 天
  - 2026-09-18（当前）
✅ dashboard.html embeddedEntries 已同步（1 天兜底）

[archive] 完成：已归档=是，删除过期=0，保留=1 天


━━━ [6.模板校验] ━━━

> hotspot-radar@1.0.0 validate
> node scripts/validate-template.mjs

[门禁] radar.json 5 条热点 AI 字段完整
[门禁] business-advice.json 当日业务建议完整 (8 类)
Hotspot radar template validation passed. ✅


✅ 每日全流程完成。
产物:
  radar.json        → /root/.joyclaw/workspace/hotspot-radar-updated/public/data/radar.json
  ai-analysis.json  → /root/.joyclaw/workspace/hotspot-radar-updated/public/data/ai-analysis.json
  dashboard.html    → /root/.joyclaw/workspace/hotspot-radar-updated/public/dashboard.html
--- 推送 GitHub（触发 gh-pages 自动部署） ---
[main 69f2308] daily update 2026-09-18 1500
 13 files changed, 5649 insertions(+), 868 deletions(-)
 create mode 100644 data/raw/2026-09-18/douyin-1500.json
 create mode 100644 data/raw/2026-09-18/webwide-1500.json
 create mode 100644 data/raw/2026-09-18/weibo-1500.json
 create mode 100644 data/raw/2026-09-18/xhs-1500.json
 rewrite public/data/business-advice.json (79%)
==> 开始推送 origin main（HTTP/1.1，最多 6 次）
--- 第 1/6 次推送 ---
To https://github.com/lele-shen-catherine/hotspot-radar-updated.git
   b251ec2..69f2308  main -> main
✅ push 成功（第 1 次）

=== ✅ 每日更新完成 2026-09-18 15:00 ===
线上访问: https://lele-shen-catherine.github.io/hotspot-radar-updated/
Dashboard: https://lele-shen-catherine.github.io/hotspot-radar-updated/dashboard.html
=== 开始每日更新 2026-09-20 15:00 ===
--- 全流程(含AI深度分析+质量门禁+注入dashboard) ---
========================================
  热点雷达 每日全流程  2026/9/20 15:00:02
  deploy=false  check=false
========================================

━━━ [1.抓取/过滤/评分] ━━━

=== 热点雷达数据抓取 ===
CST 时间: 2026-09-20 15:00
JustOneAPI token: 未配置（小红书将走 vvhan 兜底）

[全网热点] 抓取中...
  ↳ 尝试 zhiwei-event-rank: https://ef.zhiweidata.com/index/indexUp.do
    成功，10 条数据

[微博] 抓取中...
  ↳ 尝试 weibo-official: https://weibo.com/ajax/side/hotSearch
    成功，51 条数据

[抖音] 抓取中...
  ↳ 尝试 douyin-official: https://www.iesdouyin.com/web/api/v2/hotsearch/billboard/word/
    成功，50 条数据

[小红书] 抓取中...
  ↳ 尝试 uapi-xiaohongshu: https://uapis.cn/api/v1/misc/hotboard?…
    成功，20 条数据

--- 写入原始快照 ---
  ✓ 写入 /root/.joyclaw/workspace/hotspot-radar-updated/data/raw/2026-09-20/webwide-1500.json
  ✓ 写入 /root/.joyclaw/workspace/hotspot-radar-updated/data/raw/2026-09-20/weibo-1500.json
  ✓ 写入 /root/.joyclaw/workspace/hotspot-radar-updated/data/raw/2026-09-20/douyin-1500.json
  ✓ 写入 /root/.joyclaw/workspace/hotspot-radar-updated/data/raw/2026-09-20/xhs-1500.json

--- 写入 latest.json ---
  ✓ 写入 /root/.joyclaw/workspace/hotspot-radar-updated/public/data/latest.json
  ✓ 写入 /root/.joyclaw/workspace/hotspot-radar-updated/public/data/meta.json

=== 完成 (4/4 平台成功) ===

规则初筛完成：90 个候选，0 个待语义复核（四类硬性排除）
[analyze] 已写入 radar.json: 6 席
======== 热点雷达 · 固定6席分级 ========  2026-09-20

【S】 知微 总榜Top1 · 日本爱知・名古屋亚运会  总分=87.8
  榜位分=90/100(35%) 热度分=95/100(20%) 趋势分=85(25%) 共振分=80(20%)
  趋势: 持续高位(第1名, 在榜11小时)
  禁区: 无

【A】 抖音 总榜Top2 · 中国队2026亚运首金  总分=84.4
  榜位分=98/100(35%) 热度分=99/100(20%) 趋势分=85(25%) 共振分=45(20%)
  趋势: 抖音标记'爆'
  禁区: 无

【A】 知微 总榜Top3 · 西贝被曝将彻底倒闭  总分=79
  榜位分=80/100(35%) 热度分=85/100(20%) 趋势分=100(25%) 共振分=45(20%)
  趋势: 排名上升 3→2, 在榜11小时
  禁区: 无

【A】 微博 总榜Top4 · 调休为什么总能吵翻天  总分=78.1
  榜位分=98/100(35%) 热度分=99/100(20%) 趋势分=60(25%) 共振分=45(20%)
  趋势: 微博单次快照无在榜时长(按60)
  禁区: 无

【B】 知微 总榜Top5 · 许嵩冯禧官宣结婚  总分=69.8
  榜位分=70/100(35%) 热度分=75/100(20%) 趋势分=85(25%) 共振分=45(20%)
  趋势: 持续高位(第3名, 在榜11小时)
  禁区: 无

【B】 知微 总榜Top6 · 华为赛力斯合作模式调整  总分=68
  榜位分=60/100(35%) 热度分=65/100(20%) 趋势分=100(25%) 共振分=45(20%)
  趋势: 排名上升 6→4, 在榜11小时
  禁区: 无


━━━ [2.AI深度分析] ━━━
[ai] 已生成 6 条 AI 深度分析 → /root/.joyclaw/workspace/hotspot-radar-updated/public/data/ai-analysis.json
[ai] 自检通过：全部字段为 AI 深度内容（非爬虫原文/占位/雷同）


━━━ [3.修补radar(注入AI字段)] ━━━
✅ 已用 AI 深度分析修补 radar.json: 6 条注入, 0 条缺失


━━━ [4.合成业务建议] ━━━
[gen] 从 radar.json 读取热点数: 6
[gen] AI 分析匹配: 6/6
[gen] 固定6席生效： 6 → 6 （保留固定席位顺序）
[gen] 业务建议(08-28风格): 8 个业务
[gen] ⚠️ dashboard.html 未匹配到内嵌块，跳过注入（请人工检查）
[gen] 完成：事件数 6 业务建议 8
[gen] 输出： /root/.joyclaw/workspace/hotspot-radar-updated/public/data

[门禁] 6 条热点 × 3 字段 + business 非空，热度榜 6 条有效。

━━━ [5.注入dashboard] ━━━
✅ dashboard.html 已注入 2026-09-20 数据 (radar=6 hotspots, advice=8)


━━━ [5.5历史归档(保留7天)] ━━━
[archive] 今天=2026-09-20  7天窗口起点=2026-09-14
✅ 已归档今天页面 → public/history/2026-09-20.html
✅ manifest.json 重建：2 天
  - 2026-09-20（当前）
  - 2026-09-18
✅ dashboard.html embeddedEntries 已同步（2 天兜底）

[archive] 完成：已归档=是，删除过期=0，保留=2 天


━━━ [6.模板校验] ━━━

> hotspot-radar@1.0.0 validate
> node scripts/validate-template.mjs

[门禁] radar.json 6 条热点 AI 字段完整
[门禁] business-advice.json 当日业务建议完整 (8 类)
Hotspot radar template validation passed. ✅


✅ 每日全流程完成。
产物:
  radar.json        → /root/.joyclaw/workspace/hotspot-radar-updated/public/data/radar.json
  ai-analysis.json  → /root/.joyclaw/workspace/hotspot-radar-updated/public/data/ai-analysis.json
  dashboard.html    → /root/.joyclaw/workspace/hotspot-radar-updated/public/dashboard.html
--- 推送 GitHub（触发 gh-pages 自动部署） ---
